// Jest Snapshot v1, https://goo.gl/fbAQLP

exports[`renders without crashing 1`] = `
<div>
  Value 1
  :
  <input
    onChange={[Function]}
    type="number"
    value="0"
  />
</div>
`;
